// Jest Snapshot v1, https://goo.gl/fbAQLP

exports[`Snapshot TaskForm 1`] = `
<div
  className="sc-bdVaJa feQcXu"
>
  <form
    className="rs-form rs-form-inline rs-form-fixed-width"
    onSubmit={[Function]}
  >
    <input
      className="sc-bwzfXH JkfSJ"
      name="text"
      onChange={[Function]}
      placeholder="Digite uma tarefa"
      required={true}
      value=""
    />
    <select
      className="sc-htpNat iLAdUY"
      name="day"
      onChange={[Function]}
      required={true}
      value=""
    >
      <option
        disabled={true}
        selected={true}
        value=""
      >
        Dia da Semana
      </option>
      <option
        value="Segunda"
      >
        Segunda-Feira
      </option>
      <option
        value="Terça"
      >
        Terça-Feira
      </option>
      <option
        value="Quarta"
      >
        Quarta-Feira
      </option>
      <option
        value="Quinta"
      >
        Quinta-Feira
      </option>
      <option
        value="Sexta"
      >
        Sexta-Feira
      </option>
      <option
        value="Sábado"
      >
        Sábado
      </option>
      <option
        value="Domingo"
      >
        Domingo
      </option>
    </select>
    <button
      className="rs-btn rs-btn-primary rs-btn-md"
      onClick={[Function]}
      type="button"
    >
      Criar
      <span
        className="rs-ripple-pond"
      >
        <span
          className="rs-ripple"
          style={Object {}}
        />
      </span>
    </button>
  </form>
</div>
`;
